// Jest Snapshot v1, https://goo.gl/fbAQLP

exports[`THeader Snapshot Should THeader keep structure 1`] = `<theadermobile-stub title="Test title"></theadermobile-stub>`;
